
> bloom-companion@0.1.0 build
> next build

▲ Next.js 16.1.1 (Turbopack)
- Environments: .env.local

⚠ The "middleware" file convention is deprecated. Please use "proxy" instead. Learn more: https://nextjs.org/docs/messages/middleware-to-proxy
  Creating an optimized production build ...
✓ Compiled successfully in 8.2s
  Running TypeScript ...
  Collecting page data using 11 workers ...
  Generating static pages using 11 workers (0/21) ...
  Generating static pages using 11 workers (5/21) 
  Generating static pages using 11 workers (10/21) 
  Generating static pages using 11 workers (15/21) 
✓ Generating static pages using 11 workers (21/21) in 1078.4ms
  Finalizing page optimization ...

Route (app)
┌ ○ /
├ ○ /_not-found
├ ƒ /api/chat
├ ƒ /api/conversations
├ ƒ /api/messages
├ ƒ /api/points
├ ƒ /api/room
├ ƒ /api/room/place
├ ƒ /api/room/remove
├ ƒ /api/room/wallpaper
├ ƒ /api/shop/buy
├ ƒ /api/shop/inventory
├ ƒ /api/shop/items
├ ○ /auth/auth-code-error
├ ƒ /auth/callback
├ ○ /login
├ ƒ /profile
├ ƒ /shop
└ ○ /signup


ƒ Proxy (Middleware)

○  (Static)   prerendered as static content
ƒ  (Dynamic)  server-rendered on demand

